TASKING C166/ST10 linker/locator v8.7r1 Build 268           Date: Sep 24 2021  Time: 10:14:19  Page:   1
mps_main

Memory map     : 

Name                        No. Start      End        Length  Type Algn Comb Mem T Group           Class             Module        
------------------------------------------------------------------------------------------------------------------------------------
C166_US2...................  15 00C000h    .......    000000h LDAT WORD GUSK RAM ................. CUSTACK.......... CSTART........
C166_US1...................  14 00C000h    .......    000000h LDAT WORD GUSK RAM ................. CUSTACK.......... CSTART........
C166_US0...................  13 00C000h    .......    000000h LDAT WORD GUSK RAM ................. CUSTACK.......... CSTART........
MAIN_ID_NB.................   3 00C000h    00C003h    000004h LDAT WORD GLOB RAM ................. CINITIRAM........ MAIN_C........
MAIN_4_NB..................   5 00C004h    00C4B5h    0004B2h LDAT WORD GLOB RAM ................. CNEAR............ MAIN_C........
C166_US....................   7 00C4B6h    00C5DBh    000126h LDAT WORD GUSK RAM ................. CUSTACK.......... MAIN_C........
                                                                                                                     SCS_C.........
                                                                                                                     CSTART........
                                                                                                                     SIN_C.........
                                                                                                                     _SINUS_C......
                                                                                                                     adf8..........
                                                                                                                     cfi82.........
                                                                                                                     cfu82.........
                                                                                                                     mlf8..........
                                                                                                                     dvf8..........
                                                                                                                     trpf8.........
                                                                                                                     load8n........
__FP_ENV_BUF...............  25 00C5DCh    00C5EBh    000010h LDAT WORD GLOB RAM ................. CNEAR............ trap..........
Internal IO area........... ... 00E000h    00EFFFh    001000h .... .... .... RAM ................. ................. ..............
Extended SFR Area.......... ... 00F000h    00F1FFh    000200h .... .... .... RAM ................. ................. ..............
Reserved................... ... 00F200h    00F5FFh    000400h .... .... .... ... ................. ................. ..............
Reg. bank 0................ ... 00F600h    00F61Fh    000020h .... WORD .... RAM ................. ................. ..............
Reg. bank 1................ ... 00F620h    00F63Fh    000020h .... WORD .... RAM ................. ................. ..............
C166_SYSSTACK..............  16 00FA00h    00FBFFh    000200h HDAT WORD SSTK RAM ................. ................. CSTART........
SFR Area................... ... 00FE00h    00FFFFh    000200h .... .... .... RAM ................. ................. ..............
Reserved................... ... BF0000h    BFFFFFh    010000h .... .... .... ... ................. ................. ..............
?INTVECT................... ... C00000h    C001FFh    000200h .... .... .... ROM ................. ................. ..............
MAIN_5_CO..................   6 C00200h    C00207h    000008h LDAT WORD GLOB ROM ................. CROM............. MAIN_C........
_SINUS_2_CO................  22 C00208h    C00277h    000070h LDAT WORD GLOB ROM ................. CROM............. _SINUS_C......
CCU63_1_PR.................   0 C00278h    C00417h    0001A0h CODE WORD GLOB ROM ................. CPROGRAM......... CCU63_C.......
IO_1_PR....................   1 C00418h    C0042Fh    000018h CODE WORD GLOB ROM ................. CPROGRAM......... IO_C..........
MAIN_IR_NB.................   2 C00430h    C00433h    000004h PDAT WORD GLOB ROM ................. CINITROM......... MAIN_C........
MAIN_3_PR..................   4 C00434h    C005FBh    0001C8h CODE WORD GLOB ROM ................. CPROGRAM......... MAIN_C........
C166_INIT..................   8 C005FCh    C00609h    00000Eh PDAT WORD GLOB ROM ................. CINITROM......... MAIN_C........
C166_BSS...................   9 C0060Ah    C00619h    000010h PDAT WORD GLOB ROM ................. CINITROM......... MAIN_C........
                                                                                                                     trap..........
SCS_1_PR...................  10 C0061Ah    C0077Bh    000162h CODE WORD GLOB ROM ................. CPROGRAM......... SCS_C.........
__C_INIT_PR................  11 C0077Ch    C008EFh    000174h CODE WORD GLOB ROM ................. C_INIT........... CSTART........
__CSTART_PR................  12 C008F0h    C009ADh    0000BEh CODE WORD GLOB ROM ................. CPROGRAM......... CSTART........
GPT1_1_PR..................  17 C009AEh    C009DFh    000032h CODE WORD GLOB ROM ................. CPROGRAM......... GPT1_C........
GPT2_1_PR..................  18 C009E0h    C00AB7h    0000D8h CODE WORD GLOB ROM ................. CPROGRAM......... GPT2_C........
CC2_1_PR...................  19 C00AB8h    C00AEDh    000036h CODE WORD GLOB ROM ................. CPROGRAM......... CC2_C.........
SIN_1_PR...................  20 C00AEEh    C00B2Dh    000040h CODE WORD GLOB ROM ................. CLIBRARY......... SIN_C.........
_SINUS_1_PR................  21 C00B2Eh    C00E8Bh    00035Eh CODE WORD GLOB ROM ................. CLIBRARY......... _SINUS_C......
__MODF.....................  23 C00E8Ch    C00FFBh    000170h CODE WORD GLOB ROM ................. RTLIBRARY........ MODF..........
__FPCODE...................  24 C00FFCh    C01AD7h    000ADCh CODE WORD GLOB ROM ................. CPROGRAM......... adf8..........
                                                                                                                     cff48.........
                                                                                                                     cfi82.........
                                                                                                                     cfu82.........
                                                                                                                     cif28.........
                                                                                                                     cmf8..........
                                                                                                                     mlf4..........
                                                                                                                     mlf8..........
TASKING C166/ST10 linker/locator v8.7r1 Build 268           Date: Sep 24 2021  Time: 10:14:19  Page:   2
mps_main

                                                                                                                     dvf4..........
                                                                                                                     dvf8..........
                                                                                                                     ngf8..........
                                                                                                                     get2f4........
                                                                                                                     get2f8........
                                                                                                                     putf4.........
                                                                                                                     putf8.........
                                                                                                                     trpf4.........
                                                                                                                     trpf8.........
                                                                                                                     load8n........
                                                                                                                     trap..........
__LONGJMP..................  26 C01AD8h    C01AF9h    000022h CODE WORD GLOB ROM ................. RTLIBRARY........ LONGJMP.......
Reserved................... ... C0F000h    C0FFFFh    001000h .... .... .... ... ................. ................. ..............


Symbol table   : ccu63.obj(CCU63_C)

Symbol                                     No. Value     Type       Symbol                                     No. Value     Type   
----------------------------------------------------------------    ----------------------------------------------------------------
 <NO NAME>................................ ... 0000000h  REG LOC    ?BASE_DPP0................................ ABS 0400000h  WOR EXT
?BASE_DPP2................................ ABS 0C00000h  WOR EXT    CCU63_INUM................................ ... 000003Ch  INT GLB
CCU63_TASK................................   0 0C0033Ah  TSK LOC    _CCU63_vInit..............................   0 0C00278h  FAR GLB
_CCU63_viNodeI0...........................   0 0C0033Ah  FAR GLB    _index....................................   5 000C4B4h  WOR EXT
_table....................................   5 000C004h  WOR EXT    


Symbol table   : io.obj(IO_C)

Symbol                                     No. Value     Type       Symbol                                     No. Value     Type   
----------------------------------------------------------------    ----------------------------------------------------------------
 <NO NAME>................................ ... 0000000h  REG LOC    _IO_vInit.................................   1 0C00418h  FAR GLB



Symbol table   : main.obj(MAIN_C)

Symbol                                     No. Value     Type       Symbol                                     No. Value     Type   
----------------------------------------------------------------    ----------------------------------------------------------------
 <NO NAME>................................ ... 0000000h  REG LOC    _CC2_vInit................................  19 0C00AB8h  FAR EXT
_CCU63_vInit..............................   0 0C00278h  FAR EXT    _GPT1_vInit...............................  17 0C009AEh  FAR EXT
_GPT2_vInit...............................  18 0C009E0h  FAR EXT    _IO_vInit.................................   1 0C00418h  FAR EXT
_MAIN_vChangeFreq.........................   4 0C00508h  FAR GLB    _MAIN_vInit...............................   4 0C00434h  FAR GLB
_MAIN_vLockProtecReg......................   4 0C004AEh  FAR GLB    _MAIN_vUnlockProtecReg....................   4 0C00474h  FAR GLB
_SCS_StartXtalOsc.........................  10 0C0067Ch  FAR EXT    _SCS_SwitchSystemClock....................  10 0C0069Ch  FAR EXT
_SCS_SwitchToHighPrecBandgap..............  10 0C00700h  FAR EXT    __CSTART..................................  12 0C008F0h  FAR EXT
__adf8r...................................  24 0C01046h  FAR EXT    __cff48r..................................  24 0C0117Ah  FAR EXT
__cfu82r..................................  24 0C0123Ch  FAR EXT    __cif28r..................................  24 0C01274h  FAR EXT
__cuf28r..................................  24 0C0128Eh  FAR EXT    __dvf4r...................................  24 0C015BCh  FAR EXT
__load8n..................................  24 0C01A98h  FAR EXT    __mlf4r...................................  24 0C01396h  FAR EXT
__mlf8r...................................  24 0C0145Ah  FAR EXT    __store8n.................................  24 0C01AB0h  FAR EXT
_generateTable............................   4 0C00538h  FAR GLB    _index....................................   5 000C4B4h  WOR GLB
_main.....................................   4 0C005E8h  FAR GLB    _pi.......................................   3 000C000h  WOR GLB
_sin......................................  20 0C00AEEh  FAR EXT    _table....................................   5 000C004h  WOR GLB



Symbol table   : scs.obj(SCS_C)
TASKING C166/ST10 linker/locator v8.7r1 Build 268           Date: Sep 24 2021  Time: 10:14:19  Page:   3
mps_main


Symbol                                     No. Value     Type       Symbol                                     No. Value     Type   
----------------------------------------------------------------    ----------------------------------------------------------------
 <NO NAME>................................ ... 0000000h  REG LOC    _DisableVcoBypass.........................  10 0C00658h  FAR GLB
_EnableVcoBypass..........................  10 0C00640h  FAR GLB    _SCS_CountClocksWithTimer.................  10 0C0070Eh  FAR GLB
_SCS_StartXtalOsc.........................  10 0C0067Ch  FAR GLB    _SCS_SwitchSystemClock....................  10 0C0069Ch  FAR GLB
_SCS_SwitchToHighPrecBandgap..............  10 0C00700h  FAR GLB    _SetK2....................................  10 0C0061Ah  FAR GLB
_WaitForTimer13Stop.......................  10 0C00670h  FAR GLB    


Symbol table   : start_master.obj(CSTART)

Symbol                                     No. Value     Type       Symbol                                     No. Value     Type   
----------------------------------------------------------------    ----------------------------------------------------------------
?BASE_DPP0................................ ABS 0400000h  WOR EXT    ?BASE_DPP1................................ ABS 0404000h  WOR EXT
?BASE_DPP2................................ ABS 0C00000h  WOR EXT    ?C166_BSS_HEAD............................   9 0C0060Ah  WOR EXT
?C166_INIT_HEAD...........................   8 0C005FCh  WOR EXT    ?SYSSTACK_BOTTOM.......................... ABS 000FA00h  WOR EXT
?SYSSTACK_TOP............................. ABS 000FC00h  WOR EXT    ?USRSTACK0_BOTTOM.........................  13 000C000h  WOR EXT
?USRSTACK0_TOP............................  13 000C000h  WOR EXT    ?USRSTACK1_BOTTOM.........................  14 000C000h  WOR EXT
?USRSTACK1_TOP............................  14 000C000h  WOR EXT    ?USRSTACK_BOTTOM..........................   7 000C4B6h  WOR EXT
?USRSTACK_TOP.............................   7 000C5DCh  WOR EXT    CSTART_RBANK.............................. ... 000F600h  REG LOC
__CSTART..................................  12 0C008F0h  FAR GLB    __CSTART_INUM............................. ... 0000000h  INT GLB
__CSTART_TASK.............................  12 0C008F0h  TSK LOC    __C_INIT..................................  11 0C0077Ch  FAR GLB
__EXIT....................................  12 0C009A8h  FAR GLB    __IDLE....................................  12 0C009A8h  FAR GLB
_main.....................................   4 0C005E8h  FAR EXT    


Symbol table   : gpt1.obj(GPT1_C)

Symbol                                     No. Value     Type       Symbol                                     No. Value     Type   
----------------------------------------------------------------    ----------------------------------------------------------------
 <NO NAME>................................ ... 0000000h  REG LOC    _GPT1_vInit...............................  17 0C009AEh  FAR GLB



Symbol table   : gpt2.obj(GPT2_C)

Symbol                                     No. Value     Type       Symbol                                     No. Value     Type   
----------------------------------------------------------------    ----------------------------------------------------------------
?BASE_DPP0................................ ABS 0400000h  WOR EXT    ?BASE_DPP2................................ ABS 0C00000h  WOR EXT
GPT2_INUM................................. ... 0000024h  INT GLB    GPT2_RB................................... ... 000F620h  REG LOC
GPT2_TASK.................................  18 0C00A2Ch  TSK LOC    _GPT2_vInit...............................  18 0C009E0h  FAR GLB
_GPT2_viTmr6..............................  18 0C00A2Ch  FAR GLB    _index....................................   5 000C4B4h  WOR EXT



Symbol table   : cc2.obj(CC2_C)

Symbol                                     No. Value     Type       Symbol                                     No. Value     Type   
----------------------------------------------------------------    ----------------------------------------------------------------
 <NO NAME>................................ ... 0000000h  REG LOC    _CC2_vInit................................  19 0C00AB8h  FAR GLB



Symbol table   : sin.obj(SIN_C)

Symbol                                     No. Value     Type       Symbol                                     No. Value     Type   
TASKING C166/ST10 linker/locator v8.7r1 Build 268           Date: Sep 24 2021  Time: 10:14:19  Page:   4
mps_main

----------------------------------------------------------------    ----------------------------------------------------------------
 <NO NAME>................................ ... 0000000h  REG LOC    __sinus...................................  21 0C00B2Eh  FAR EXT
__store8n.................................  24 0C01AB0h  FAR EXT    _sin......................................  20 0C00AEEh  FAR GLB



Symbol table   : _sinus.obj(_SINUS_C)

Symbol                                     No. Value     Type       Symbol                                     No. Value     Type   
----------------------------------------------------------------    ----------------------------------------------------------------
 <NO NAME>................................ ... 0000000h  REG LOC    __adf8r...................................  24 0C01046h  FAR EXT
__cfi82r..................................  24 0C011EAh  FAR EXT    __cif28r..................................  24 0C01274h  FAR EXT
__cmf8r...................................  24 0C012D8h  FAR EXT    __dvf8r...................................  24 0C016C0h  FAR EXT
__load8n..................................  24 0C01A98h  FAR EXT    __mlf8r...................................  24 0C0145Ah  FAR EXT
__ngf8r...................................  24 0C01884h  FAR EXT    __sbf8r...................................  24 0C0103Eh  FAR EXT
__sinus...................................  21 0C00B2Eh  FAR GLB    __store8n.................................  24 0C01AB0h  FAR EXT
_modf.....................................  23 0C00E8Ch  FAR EXT    


Symbol table   : modf.obj(MODF)

Symbol                                     No. Value     Type       Symbol                                     No. Value     Type   
----------------------------------------------------------------    ----------------------------------------------------------------
 <NO NAME>................................ ... 0000000h  REG LOC    __dzersr..................................  24 0C019DEh  FAR EXT
__get1f8r.................................  24 0C01908h  FAR EXT    __get2f8r.................................  24 0C018C4h  FAR EXT
__putf8r..................................  24 0C0199Eh  FAR EXT    _modf.....................................  23 0C00E8Ch  FAR GLB



Symbol table   : adf8.obj(adf8)

Symbol                                     No. Value     Type       Symbol                                     No. Value     Type   
----------------------------------------------------------------    ----------------------------------------------------------------
 <NO NAME>................................ ... 0000000h  REG LOC    __adf8r...................................  24 0C01046h  FAR GLB
__dinfsr..................................  24 0C01A32h  FAR EXT    __dnansr..................................  24 0C01A54h  FAR EXT
__doprsr..................................  24 0C01984h  FAR EXT    __dzersr..................................  24 0C019DEh  FAR EXT
__get2f8r.................................  24 0C018C4h  FAR EXT    __putf8r..................................  24 0C0199Eh  FAR EXT
__sbf8r...................................  24 0C0103Eh  FAR GLB    __sbf8rr..................................  24 0C01034h  FAR GLB



Symbol table   : cff48.obj(cff48)

Symbol                                     No. Value     Type       Symbol                                     No. Value     Type   
----------------------------------------------------------------    ----------------------------------------------------------------
 <NO NAME>................................ ... 0000000h  REG LOC    __cff48r..................................  24 0C0117Ah  FAR GLB
__dinfsr..................................  24 0C01A32h  FAR EXT    __dnansr..................................  24 0C01A54h  FAR EXT
__dzersr..................................  24 0C019DEh  FAR EXT    __get1f4r.................................  24 0C0189Eh  FAR EXT
__putf8r..................................  24 0C0199Eh  FAR EXT    


Symbol table   : cfi82.obj(cfi82)

Symbol                                     No. Value     Type       Symbol                                     No. Value     Type   
----------------------------------------------------------------    ----------------------------------------------------------------
 <NO NAME>................................ ... 0000000h  REG LOC    __cfi82r..................................  24 0C011EAh  FAR GLB
__dcnvnan.................................  24 0C01A88h  FAR EXT    __fptrap8.................................  24 0C01AC0h  FAR EXT
TASKING C166/ST10 linker/locator v8.7r1 Build 268           Date: Sep 24 2021  Time: 10:14:19  Page:   5
mps_main

__get1f8r.................................  24 0C01908h  FAR EXT    


Symbol table   : cfu82.obj(cfu82)

Symbol                                     No. Value     Type       Symbol                                     No. Value     Type   
----------------------------------------------------------------    ----------------------------------------------------------------
 <NO NAME>................................ ... 0000000h  REG LOC    __cfu82r..................................  24 0C0123Ch  FAR GLB
__dcnvnan.................................  24 0C01A88h  FAR EXT    __fptrap8.................................  24 0C01AC0h  FAR EXT
__get1f8r.................................  24 0C01908h  FAR EXT    


Symbol table   : cif28.obj(cif28)

Symbol                                     No. Value     Type       Symbol                                     No. Value     Type   
----------------------------------------------------------------    ----------------------------------------------------------------
 <NO NAME>................................ ... 0000000h  REG LOC    __cif28r..................................  24 0C01274h  FAR GLB
__cuf28r..................................  24 0C0128Eh  FAR GLB    __dzersr..................................  24 0C019DEh  FAR EXT
__putf8r..................................  24 0C0199Eh  FAR EXT    cuf28i....................................  24 0C012A0h  FAR GLB



Symbol table   : cmf8.obj(cmf8)

Symbol                                     No. Value     Type       Symbol                                     No. Value     Type   
----------------------------------------------------------------    ----------------------------------------------------------------
 <NO NAME>................................ ... 0000000h  REG LOC    __cmf8r...................................  24 0C012D8h  FAR GLB



Symbol table   : mlf4.obj(mlf4)

Symbol                                     No. Value     Type       Symbol                                     No. Value     Type   
----------------------------------------------------------------    ----------------------------------------------------------------
 <NO NAME>................................ ... 0000000h  REG LOC    __finfsr..................................  24 0C019F0h  FAR EXT
__fnansr..................................  24 0C01A06h  FAR EXT    __foprsr..................................  24 0C01952h  FAR EXT
__frslsr..................................  24 0C0195Ch  FAR EXT    __get2f4r.................................  24 0C0188Eh  FAR EXT
__mlf4r...................................  24 0C01396h  FAR GLB    


Symbol table   : mlf8.obj(mlf8)

Symbol                                     No. Value     Type       Symbol                                     No. Value     Type   
----------------------------------------------------------------    ----------------------------------------------------------------
 <NO NAME>................................ ... 0000000h  REG LOC    __dinfsr..................................  24 0C01A32h  FAR EXT
__dmlf8...................................  24 0C0149Eh  FAR GLB    __dnansr..................................  24 0C01A54h  FAR EXT
__doprsr..................................  24 0C01984h  FAR EXT    __drslsr..................................  24 0C01994h  FAR EXT
__dzersr..................................  24 0C019DEh  FAR EXT    __get2f8r.................................  24 0C018C4h  FAR EXT
__mlf8r...................................  24 0C0145Ah  FAR GLB    


Symbol table   : dvf4.obj(dvf4)

Symbol                                     No. Value     Type       Symbol                                     No. Value     Type   
----------------------------------------------------------------    ----------------------------------------------------------------
 <NO NAME>................................ ... 0000000h  REG LOC    __dvf4r...................................  24 0C015BCh  FAR GLB
__fdvisr..................................  24 0C019ECh  FAR EXT    __fdvnsr..................................  24 0C01A02h  FAR EXT
TASKING C166/ST10 linker/locator v8.7r1 Build 268           Date: Sep 24 2021  Time: 10:14:19  Page:   6
mps_main

__finfsr..................................  24 0C019F0h  FAR EXT    __fnansr..................................  24 0C01A06h  FAR EXT
__foprsr..................................  24 0C01952h  FAR EXT    __frslsr..................................  24 0C0195Ch  FAR EXT
__funfsr..................................  24 0C01A14h  FAR EXT    __get2f4r.................................  24 0C0188Eh  FAR EXT



Symbol table   : dvf8.obj(dvf8)

Symbol                                     No. Value     Type       Symbol                                     No. Value     Type   
----------------------------------------------------------------    ----------------------------------------------------------------
 <NO NAME>................................ ... 0000000h  REG LOC    __ddvisr..................................  24 0C01A2Ch  FAR EXT
__ddvnsr..................................  24 0C01A4Eh  FAR EXT    __dinfsr..................................  24 0C01A32h  FAR EXT
__dmlf8...................................  24 0C0149Eh  FAR EXT    __dnansr..................................  24 0C01A54h  FAR EXT
__doprsr..................................  24 0C01984h  FAR EXT    __drslsr..................................  24 0C01994h  FAR EXT
__dunfsr..................................  24 0C01A72h  FAR EXT    __dvf8r...................................  24 0C016C0h  FAR GLB
__dvf8rr..................................  24 0C0169Eh  FAR GLB    __dzersr..................................  24 0C019DEh  FAR EXT
__get2f8r.................................  24 0C018C4h  FAR EXT    


Symbol table   : ngf8.obj(ngf8)

Symbol                                     No. Value     Type       Symbol                                     No. Value     Type   
----------------------------------------------------------------    ----------------------------------------------------------------
 <NO NAME>................................ ... 0000000h  REG LOC    __ngf8r...................................  24 0C01884h  FAR GLB



Symbol table   : get2f4.obj(get2f4)

Symbol                                     No. Value     Type       Symbol                                     No. Value     Type   
----------------------------------------------------------------    ----------------------------------------------------------------
 <NO NAME>................................ ... 0000000h  REG LOC    __get1f4r.................................  24 0C0189Eh  FAR GLB
__get2f4r.................................  24 0C0188Eh  FAR GLB    


Symbol table   : get2f8.obj(get2f8)

Symbol                                     No. Value     Type       Symbol                                     No. Value     Type   
----------------------------------------------------------------    ----------------------------------------------------------------
 <NO NAME>................................ ... 0000000h  REG LOC    __get1f8r.................................  24 0C01908h  FAR GLB
__get2f8r.................................  24 0C018C4h  FAR GLB    


Symbol table   : putf4.obj(putf4)

Symbol                                     No. Value     Type       Symbol                                     No. Value     Type   
----------------------------------------------------------------    ----------------------------------------------------------------
 <NO NAME>................................ ... 0000000h  REG LOC    __finfsr..................................  24 0C019F0h  FAR EXT
__foprsr..................................  24 0C01952h  FAR GLB    __frslsr..................................  24 0C0195Ch  FAR GLB
__funfsr..................................  24 0C01A14h  FAR EXT    __fzersr..................................  24 0C01972h  FAR GLB
__ld0f4r..................................  24 0C01972h  FAR GLB    __putf4r..................................  24 0C01966h  FAR GLB



Symbol table   : putf8.obj(putf8)

Symbol                                     No. Value     Type       Symbol                                     No. Value     Type   
TASKING C166/ST10 linker/locator v8.7r1 Build 268           Date: Sep 24 2021  Time: 10:14:19  Page:   7
mps_main

----------------------------------------------------------------    ----------------------------------------------------------------
 <NO NAME>................................ ... 0000000h  REG LOC    __dinfsr..................................  24 0C01A32h  FAR EXT
__doprsr..................................  24 0C01984h  FAR GLB    __drslsr..................................  24 0C01994h  FAR GLB
__dunfsr..................................  24 0C01A72h  FAR EXT    __dzersr..................................  24 0C019DEh  FAR GLB
__putf8r..................................  24 0C0199Eh  FAR GLB    


Symbol table   : trpf4.obj(trpf4)

Symbol                                     No. Value     Type       Symbol                                     No. Value     Type   
----------------------------------------------------------------    ----------------------------------------------------------------
 <NO NAME>................................ ... 0000000h  REG LOC    __fcnvnan.................................  24 0C01A20h  FAR GLB
__fdvisr..................................  24 0C019ECh  FAR GLB    __fdvnsr..................................  24 0C01A02h  FAR GLB
__finfsr..................................  24 0C019F0h  FAR GLB    __fnansr..................................  24 0C01A06h  FAR GLB
__fptrap4.................................  24 0C01AC0h  FAR EXT    __funfsr..................................  24 0C01A14h  FAR GLB



Symbol table   : trpf8.obj(trpf8)

Symbol                                     No. Value     Type       Symbol                                     No. Value     Type   
----------------------------------------------------------------    ----------------------------------------------------------------
 <NO NAME>................................ ... 0000000h  REG LOC    __dcnvnan.................................  24 0C01A88h  FAR GLB
__ddvisr..................................  24 0C01A2Ch  FAR GLB    __ddvnsr..................................  24 0C01A4Eh  FAR GLB
__dinfsr..................................  24 0C01A32h  FAR GLB    __dnansr..................................  24 0C01A54h  FAR GLB
__dunfsr..................................  24 0C01A72h  FAR GLB    __fptrap8.................................  24 0C01AC0h  FAR EXT
__putf8r..................................  24 0C0199Eh  FAR EXT    


Symbol table   : load8n.obj(load8n)

Symbol                                     No. Value     Type       Symbol                                     No. Value     Type   
----------------------------------------------------------------    ----------------------------------------------------------------
 <NO NAME>................................ ... 0000000h  REG LOC    __ldnoal8n................................  24 0C01A9Eh  FAR GLB
__load8n..................................  24 0C01A98h  FAR GLB    __store8n.................................  24 0C01AB0h  FAR GLB



Symbol table   : trap.obj(trap)

Symbol                                     No. Value     Type       Symbol                                     No. Value     Type   
----------------------------------------------------------------    ----------------------------------------------------------------
 <NO NAME>................................ ... 0000000h  REG LOC    __FPTRAPLOOP..............................  24 0C01AD4h  FAR GLB
__FP_ENV..................................  25 000C5DCh  WOR GLB    __fptrap4.................................  24 0C01AC0h  FAR GLB
__fptrap8.................................  24 0C01AC0h  FAR GLB    _longjmp..................................  26 0C01AD8h  FAR EXT



Symbol table   : longjmp.obj(LONGJMP)

Symbol                                     No. Value     Type       Symbol                                     No. Value     Type   
----------------------------------------------------------------    ----------------------------------------------------------------
 <NO NAME>................................ ... 0000000h  REG LOC    _longjmp..................................  26 0C01AD8h  FAR GLB



Interrupt table: 
TASKING C166/ST10 linker/locator v8.7r1 Build 268           Date: Sep 24 2021  Time: 10:14:19  Page:   8
mps_main


Vector   Intno Start    Intnoname                                              Taskname                                             
------------------------------------------------------------------------------------------------------------------------------------
0C00000h 0000h 0C008F0h __CSTART_INUM......................................... __CSTART_TASK........................................
0C00090h 0024h 0C00A2Ch GPT2_INUM............................................. GPT2_TASK............................................
0C000F0h 003Ch 0C0033Ah CCU63_INUM............................................ CCU63_TASK...........................................

Register banks : combination of register definitions

                 Reg. bank 0
                 0123456789ABCDEF
                 ^               
                 |................. CSTART_RBANK (CSTART) .................................................................... F600h


                 Reg. bank 1
                 0123456789ABCDEF
                 ^               
                 |................. GPT2_RB (GPT2_C) ......................................................................... F620h



Locate summary : 

Class       Name          Size  Start
<NO NAME>   ?INTVECT      00200h C00000h 
            C166_SYSSTACK 00200h 00FA00h 
      Total class size: 0000400h

CINITIRAM   MAIN_ID_NB    00004h 00C000h 
      Total class size: 0000004h

CINITROM    C166_BSS      00010h C0060Ah 
            C166_INIT     0000Eh C005FCh 
            MAIN_IR_NB    00004h C00430h 
      Total class size: 0000022h

CNEAR       MAIN_4_NB     004B2h 00C004h 
            __FP_ENV_BUF  00010h 00C5DCh 
      Total class size: 00004C2h

CPROGRAM    CC2_1_PR      00036h C00AB8h 
            CCU63_1_PR    001A0h C00278h 
            GPT1_1_PR     00032h C009AEh 
            GPT2_1_PR     000D8h C009E0h 
            IO_1_PR       00018h C00418h 
            MAIN_3_PR     001C8h C00434h 
            SCS_1_PR      00162h C0061Ah 
            __CSTART_PR   000BEh C008F0h 
            __FPCODE      00ADCh C00FFCh 
      Total class size: 00011BCh

CROM        MAIN_5_CO     00008h C00200h 
            _SINUS_2_CO   00070h C00208h 
      Total class size: 0000078h

CUSTACK     C166_US       00126h 00C4B6h 
TASKING C166/ST10 linker/locator v8.7r1 Build 268           Date: Sep 24 2021  Time: 10:14:19  Page:   9
mps_main

            C166_US1      00000h 00C000h 
            C166_US2      00000h 00C000h 
            C166_US0      00000h 00C000h 
      Total class size: 0000126h

CLIBRARY    SIN_1_PR      00040h C00AEEh 
            _SINUS_1_PR   0035Eh C00B2Eh 
      Total class size: 000039Eh

C_INIT      __C_INIT_PR   00174h C0077Ch 
      Total class size: 0000174h

RTLIBRARY   __LONGJMP     00022h C01AD8h 
            __MODF        00170h C00E8Ch 
      Total class size: 0000192h

Total size:             00022E6h


	Number of symbols		: 1174
	Number of sections		: 28
	Number of groups		: 0
	Number of classes		: 9
	Number of modules		: 31
	Total section size		: 00022E6h
	Total memory size		: 0344A04h
		consisting of RAM	: 0284A04h
		              ROM	: 00C0000h
	Total RAM filled		: 00007ECh
	Total ROM filled		: 0001AFAh
	System stack size		: 0000200h
	Heap size			: 0000000h
	User stack size			: 0000126h
	Time spent			: 00:00:2.20

Error report   : total errors: 0, warnings: 0
