TASKING C166/ST10 linker/locator v8.7r1 Build 268           Date: Sep 29 2021  Time: 14:42:49  Page:   1
mps_main

Memory map     : 

Name                        No. Start      End        Length  Type Algn Comb Mem T Group           Class             Module        
------------------------------------------------------------------------------------------------------------------------------------
C166_US2...................  17 00C000h    .......    000000h LDAT WORD GUSK RAM ................. CUSTACK.......... CSTART........
C166_US1...................  16 00C000h    .......    000000h LDAT WORD GUSK RAM ................. CUSTACK.......... CSTART........
C166_US0...................  15 00C000h    .......    000000h LDAT WORD GUSK RAM ................. CUSTACK.......... CSTART........
C166_US....................   2 00C000h    00C173h    000174h LDAT WORD GUSK RAM ................. CUSTACK.......... CCU63_C.......
                                                                                                                     MAIN_C........
                                                                                                                     SCS_C.........
                                                                                                                     CSTART........
                                                                                                                     ADC0_C........
                                                                                                                     SIN_C.........
                                                                                                                     _SINUS_C......
                                                                                                                     adf8..........
                                                                                                                     cfi82.........
                                                                                                                     cfu82.........
                                                                                                                     mlf8..........
                                                                                                                     dvf8..........
                                                                                                                     trpf8.........
                                                                                                                     load8n........
MAIN_ID_NB.................   5 00C174h    00C179h    000006h LDAT WORD GLOB RAM ................. CINITIRAM........ MAIN_C........
MAIN_5_NB..................   8 00C17Ah    00CAEDh    000974h LDAT WORD GLOB RAM ................. CNEAR............ MAIN_C........
GPT2_2_NB..................  21 00CAEEh    00CAEFh    000002h LDAT WORD GLOB RAM ................. CNEAR............ GPT2_C........
__FP_ENV_BUF...............  30 00CAF0h    00CAFFh    000010h LDAT WORD GLOB RAM ................. CNEAR............ trap..........
Internal IO area........... ... 00E000h    00EFFFh    001000h .... .... .... RAM ................. ................. ..............
Extended SFR Area.......... ... 00F000h    00F1FFh    000200h .... .... .... RAM ................. ................. ..............
Reserved................... ... 00F200h    00F5FFh    000400h .... .... .... ... ................. ................. ..............
Reg. bank 0................ ... 00F600h    00F61Fh    000020h .... WORD .... RAM ................. ................. ..............
Reg. bank 1................ ... 00F620h    00F63Fh    000020h .... WORD .... RAM ................. ................. ..............
Reg. bank 2................ ... 00F640h    00F65Fh    000020h .... WORD .... RAM ................. ................. ..............
Reg. bank 3................ ... 00F660h    00F67Fh    000020h .... WORD .... RAM ................. ................. ..............
Reg. bank 4................ ... 00F680h    00F69Fh    000020h .... WORD .... RAM ................. ................. ..............
C166_SYSSTACK..............  18 00FA00h    00FBFFh    000200h HDAT WORD SSTK RAM ................. ................. CSTART........
SFR Area................... ... 00FE00h    00FFFFh    000200h .... .... .... RAM ................. ................. ..............
Reserved................... ... BF0000h    BFFFFFh    010000h .... .... .... ... ................. ................. ..............
?INTVECT................... ... C00000h    C001FFh    000200h .... .... .... ROM ................. ................. ..............
CCU63_2_CO.................   1 C00200h    C0020Fh    000010h LDAT WORD GLOB ROM ................. CROM............. CCU63_C.......
MAIN_3_NC..................   6 C00210h    C00219h    00000Ah LDAT WORD GLOB ROM ................. CNEARROM......... MAIN_C........
MAIN_6_CO..................   9 C0021Ah    C00229h    000010h LDAT WORD GLOB ROM ................. CROM............. MAIN_C........
_SINUS_2_CO................  27 C0022Ah    C00299h    000070h LDAT WORD GLOB ROM ................. CROM............. _SINUS_C......
CCU63_1_PR.................   0 C0029Ah    C0050Dh    000274h CODE WORD GLOB ROM ................. CPROGRAM......... CCU63_C.......
IO_1_PR....................   3 C0050Eh    C00525h    000018h CODE WORD GLOB ROM ................. CPROGRAM......... IO_C..........
MAIN_IR_NB.................   4 C00526h    C0052Bh    000006h PDAT WORD GLOB ROM ................. CINITROM......... MAIN_C........
MAIN_4_PR..................   7 C0052Ch    C00A95h    00056Ah CODE WORD GLOB ROM ................. CPROGRAM......... MAIN_C........
C166_INIT..................  10 C00A96h    C00AA3h    00000Eh PDAT WORD GLOB ROM ................. CINITROM......... MAIN_C........
C166_BSS...................  11 C00AA4h    C00AB9h    000016h PDAT WORD GLOB ROM ................. CINITROM......... MAIN_C........
                                                                                                                     GPT2_C........
                                                                                                                     trap..........
SCS_1_PR...................  12 C00ABAh    C00C1Bh    000162h CODE WORD GLOB ROM ................. CPROGRAM......... SCS_C.........
__C_INIT_PR................  13 C00C1Ch    C00D8Fh    000174h CODE WORD GLOB ROM ................. C_INIT........... CSTART........
__CSTART_PR................  14 C00D90h    C00E4Dh    0000BEh CODE WORD GLOB ROM ................. CPROGRAM......... CSTART........
GPT1_1_PR..................  19 C00E4Eh    C00E8Bh    00003Eh CODE WORD GLOB ROM ................. CPROGRAM......... GPT1_C........
GPT2_1_PR..................  20 C00E8Ch    C00FB7h    00012Ch CODE WORD GLOB ROM ................. CPROGRAM......... GPT2_C........
CC2_1_PR...................  22 C00FB8h    C00FEDh    000036h CODE WORD GLOB ROM ................. CPROGRAM......... CC2_C.........
CCU62_1_PR.................  23 C00FEEh    C01113h    000126h CODE WORD GLOB ROM ................. CPROGRAM......... CCU62_C.......
ADC0_1_PR..................  24 C01114h    C012D1h    0001BEh CODE WORD GLOB ROM ................. CPROGRAM......... ADC0_C........
TASKING C166/ST10 linker/locator v8.7r1 Build 268           Date: Sep 29 2021  Time: 14:42:49  Page:   2
mps_main

SIN_1_PR...................  25 C012D2h    C01311h    000040h CODE WORD GLOB ROM ................. CLIBRARY......... SIN_C.........
_SINUS_1_PR................  26 C01312h    C0166Fh    00035Eh CODE WORD GLOB ROM ................. CLIBRARY......... _SINUS_C......
__MODF.....................  28 C01670h    C017DFh    000170h CODE WORD GLOB ROM ................. RTLIBRARY........ MODF..........
__FPCODE...................  29 C017E0h    C02451h    000C72h CODE WORD GLOB ROM ................. CPROGRAM......... adf4..........
                                                                                                                     adf8..........
                                                                                                                     cff48.........
                                                                                                                     cfi42.........
                                                                                                                     cfi82.........
                                                                                                                     cfu82.........
                                                                                                                     cif24.........
                                                                                                                     cif28.........
                                                                                                                     cmf8..........
                                                                                                                     mlf4..........
                                                                                                                     mlf8..........
                                                                                                                     dvf4..........
                                                                                                                     dvf8..........
                                                                                                                     ngf8..........
                                                                                                                     get2f4........
                                                                                                                     get2f8........
                                                                                                                     putf4.........
                                                                                                                     putf8.........
                                                                                                                     trpf4.........
                                                                                                                     trpf8.........
                                                                                                                     load8n........
                                                                                                                     trap..........
__MUL......................  31 C02452h    C02469h    000018h CODE WORD COMM ROM ................. SHAREDRTLIB...... MUL...........
__LONGJMP..................  32 C0246Ah    C0248Bh    000022h CODE WORD GLOB ROM ................. RTLIBRARY........ LONGJMP.......
Reserved................... ... C0F000h    C0FFFFh    001000h .... .... .... ... ................. ................. ..............


Symbol table   : ccu63.obj(CCU63_C)

Symbol                                     No. Value     Type       Symbol                                     No. Value     Type   
----------------------------------------------------------------    ----------------------------------------------------------------
?BASE_DPP0................................ ABS 0400000h  WOR EXT    ?BASE_DPP2................................ ABS 0C00000h  WOR EXT
CCU63_INUM................................ ... 000003Ch  INT GLB    CCU63_RB.................................. ... 000F600h  REG LOC
CCU63_TASK................................   0 0C0035Ch  TSK LOC    _ARRAY_SIZE...............................   6 0C00210h  WOR EXT
_CCU63_vInit..............................   0 0C0029Ah  FAR GLB    _CCU63_viNodeI0...........................   0 0C0035Ch  FAR GLB
_OFFSET_L1................................   8 000CAE8h  WOR EXT    _OFFSET_L2................................   8 000CAECh  WOR EXT
_OFFSET_L3................................   8 000CAEAh  WOR EXT    __adf8r...................................  29 0C0194Ah  FAR EXT
__cfu82r..................................  29 0C01B8Eh  FAR EXT    __cuf28r..................................  29 0C01C08h  FAR EXT
__load8n..................................  29 0C02412h  FAR EXT    __mlf8r...................................  29 0C01DD4h  FAR EXT
_frequency................................   5 000C174h  WOR EXT    _index....................................   8 000CAE6h  WOR EXT
_table....................................   8 000C17Ah  WOR EXT    


Symbol table   : io.obj(IO_C)

Symbol                                     No. Value     Type       Symbol                                     No. Value     Type   
----------------------------------------------------------------    ----------------------------------------------------------------
 <NO NAME>................................ ... 0000000h  REG LOC    _IO_vInit.................................   3 0C0050Eh  FAR GLB



Symbol table   : main.obj(MAIN_C)

Symbol                                     No. Value     Type       Symbol                                     No. Value     Type   
TASKING C166/ST10 linker/locator v8.7r1 Build 268           Date: Sep 29 2021  Time: 14:42:49  Page:   3
mps_main

----------------------------------------------------------------    ----------------------------------------------------------------
 <NO NAME>................................ ... 0000000h  REG LOC    _ADC0_vInit...............................  24 0C01114h  FAR EXT
_ADC0_vStartSeq0ReqChNum..................  24 0C01200h  FAR EXT    _ARRAY_SIZE...............................   6 0C00210h  WOR GLB
_CCU62_vInit..............................  23 0C00FEEh  FAR EXT    _CCU63_vInit..............................   0 0C0029Ah  FAR EXT
_GPT1_vInit...............................  19 0C00E4Eh  FAR EXT    _GPT2_vInit...............................  20 0C00E8Ch  FAR EXT
_IO_vInit.................................   3 0C0050Eh  FAR EXT    _K_i......................................   6 0C00216h  WOR GLB
_K_p......................................   6 0C00212h  WOR GLB    _MAIN_vChangeFreq.........................   7 0C005FEh  FAR GLB
_MAIN_vInit...............................   7 0C0052Ch  FAR GLB    _MAIN_vLockProtecReg......................   7 0C005A4h  FAR GLB
_MAIN_vUnlockProtecReg....................   7 0C0056Ah  FAR GLB    _OFFSET_L1................................   8 000CAE8h  WOR GLB
_OFFSET_L2................................   8 000CAECh  WOR GLB    _OFFSET_L3................................   8 000CAEAh  WOR GLB
_SCS_StartXtalOsc.........................  12 0C00B1Ch  FAR EXT    _SCS_SwitchSystemClock....................  12 0C00B3Ch  FAR EXT
_SCS_SwitchToHighPrecBandgap..............  12 0C00BA0h  FAR EXT    __CSTART..................................  14 0C00D90h  FAR EXT
__adf4r...................................  29 0C0181Ch  FAR EXT    __adf8r...................................  29 0C0194Ah  FAR EXT
__cff48r..................................  29 0C01A7Eh  FAR EXT    __cfi42r..................................  29 0C01AEAh  FAR EXT
__cfu82r..................................  29 0C01B8Eh  FAR EXT    __cif24r..................................  29 0C01BC6h  FAR EXT
__cif28r..................................  29 0C01BEEh  FAR EXT    __cuf24r..................................  29 0C01BD0h  FAR EXT
__cuf28r..................................  29 0C01C08h  FAR EXT    __dvf4r...................................  29 0C01F36h  FAR EXT
__dvf8r...................................  29 0C0203Ah  FAR EXT    __load8n..................................  29 0C02412h  FAR EXT
__mlf4r...................................  29 0C01D10h  FAR EXT    __mlf8r...................................  29 0C01DD4h  FAR EXT
__mul.....................................  31 0C02452h  FAR EXT    __sbf4r...................................  29 0C01818h  FAR EXT
__store8n.................................  29 0C0242Ah  FAR EXT    _calculateMotorFrequency..................   7 0C00960h  FAR GLB
_controller...............................   7 0C009E8h  FAR GLB    _frequency................................   5 000C174h  WOR GLB
_generateTable............................   7 0C008B0h  FAR GLB    _index....................................   8 000CAE6h  WOR GLB
_integral_sum.............................   8 000CADAh  WOR GLB    _main.....................................   7 0C0062Eh  FAR GLB
_pi.......................................   5 000C176h  WOR GLB    _rampIndex................................   8 000CAE4h  WOR GLB
_rpm......................................   8 000CADCh  WOR GLB    _setPhaseChange...........................   7 0C009B0h  FAR GLB
_sin......................................  25 0C012D2h  FAR EXT    _table....................................   8 000C17Ah  WOR GLB
_velocity.................................   8 000CAE0h  WOR GLB    


Symbol table   : scs.obj(SCS_C)

Symbol                                     No. Value     Type       Symbol                                     No. Value     Type   
----------------------------------------------------------------    ----------------------------------------------------------------
 <NO NAME>................................ ... 0000000h  REG LOC    _DisableVcoBypass.........................  12 0C00AF8h  FAR GLB
_EnableVcoBypass..........................  12 0C00AE0h  FAR GLB    _SCS_CountClocksWithTimer.................  12 0C00BAEh  FAR GLB
_SCS_StartXtalOsc.........................  12 0C00B1Ch  FAR GLB    _SCS_SwitchSystemClock....................  12 0C00B3Ch  FAR GLB
_SCS_SwitchToHighPrecBandgap..............  12 0C00BA0h  FAR GLB    _SetK2....................................  12 0C00ABAh  FAR GLB
_WaitForTimer13Stop.......................  12 0C00B10h  FAR GLB    


Symbol table   : start_master.obj(CSTART)

Symbol                                     No. Value     Type       Symbol                                     No. Value     Type   
----------------------------------------------------------------    ----------------------------------------------------------------
?BASE_DPP0................................ ABS 0400000h  WOR EXT    ?BASE_DPP1................................ ABS 0404000h  WOR EXT
?BASE_DPP2................................ ABS 0C00000h  WOR EXT    ?C166_BSS_HEAD............................  11 0C00AA4h  WOR EXT
?C166_INIT_HEAD...........................  10 0C00A96h  WOR EXT    ?SYSSTACK_BOTTOM.......................... ABS 000FA00h  WOR EXT
?SYSSTACK_TOP............................. ABS 000FC00h  WOR EXT    ?USRSTACK0_BOTTOM.........................  15 000C000h  WOR EXT
?USRSTACK0_TOP............................  15 000C000h  WOR EXT    ?USRSTACK1_BOTTOM.........................  16 000C000h  WOR EXT
?USRSTACK1_TOP............................  16 000C000h  WOR EXT    ?USRSTACK_BOTTOM..........................   2 000C000h  WOR EXT
?USRSTACK_TOP.............................   2 000C174h  WOR EXT    CSTART_RBANK.............................. ... 000F620h  REG LOC
__CSTART..................................  14 0C00D90h  FAR GLB    __CSTART_INUM............................. ... 0000000h  INT GLB
__CSTART_TASK.............................  14 0C00D90h  TSK LOC    __C_INIT..................................  13 0C00C1Ch  FAR GLB
__EXIT....................................  14 0C00E48h  FAR GLB    __IDLE....................................  14 0C00E48h  FAR GLB
_main.....................................   7 0C0062Eh  FAR EXT    

TASKING C166/ST10 linker/locator v8.7r1 Build 268           Date: Sep 29 2021  Time: 14:42:49  Page:   4
mps_main


Symbol table   : gpt1.obj(GPT1_C)

Symbol                                     No. Value     Type       Symbol                                     No. Value     Type   
----------------------------------------------------------------    ----------------------------------------------------------------
 <NO NAME>................................ ... 0000000h  REG LOC    _GPT1_vInit...............................  19 0C00E4Eh  FAR GLB



Symbol table   : gpt2.obj(GPT2_C)

Symbol                                     No. Value     Type       Symbol                                     No. Value     Type   
----------------------------------------------------------------    ----------------------------------------------------------------
?BASE_DPP0................................ ABS 0400000h  WOR EXT    ?BASE_DPP2................................ ABS 0C00000h  WOR EXT
GPT2_INUM................................. ... 0000024h  INT GLB    GPT2_RB................................... ... 000F640h  REG LOC
GPT2_TASK.................................  20 0C00ED2h  TSK LOC    _GPT2_vInit...............................  20 0C00E8Ch  FAR GLB
_GPT2_viTmr6..............................  20 0C00ED2h  FAR GLB    __cuf24r..................................  29 0C01BD0h  FAR EXT
__dvf4r...................................  29 0C01F36h  FAR EXT    __mlf4r...................................  29 0C01D10h  FAR EXT
_inc......................................  21 000CAEEh  WOR GLB    _rampIndex................................   8 000CAE4h  WOR EXT
_rpm......................................   8 000CADCh  WOR EXT    _velocity.................................   8 000CAE0h  WOR EXT



Symbol table   : cc2.obj(CC2_C)

Symbol                                     No. Value     Type       Symbol                                     No. Value     Type   
----------------------------------------------------------------    ----------------------------------------------------------------
 <NO NAME>................................ ... 0000000h  REG LOC    _CC2_vInit................................  22 0C00FB8h  FAR GLB



Symbol table   : ccu62.obj(CCU62_C)

Symbol                                     No. Value     Type       Symbol                                     No. Value     Type   
----------------------------------------------------------------    ----------------------------------------------------------------
?BASE_DPP0................................ ABS 0400000h  WOR EXT    ?BASE_DPP2................................ ABS 0C00000h  WOR EXT
CCU62_INUM................................ ... 0000038h  INT GLB    CCU62_RB.................................. ... 000F660h  REG LOC
CCU62_TASK................................  23 0C01060h  TSK LOC    _ARRAY_SIZE...............................   6 0C00210h  WOR EXT
_CCU62_vInit..............................  23 0C00FEEh  FAR GLB    _CCU62_viNodeI0...........................  23 0C01060h  FAR GLB
_index....................................   8 000CAE6h  WOR EXT    _rampIndex................................   8 000CAE4h  WOR EXT



Symbol table   : adc0.obj(ADC0_C)

Symbol                                     No. Value     Type       Symbol                                     No. Value     Type   
----------------------------------------------------------------    ----------------------------------------------------------------
?BASE_DPP0................................ ABS 0400000h  WOR EXT    ?BASE_DPP2................................ ABS 0C00000h  WOR EXT
ADC0_INUM................................. ... 0000028h  INT GLB    ADC0_RB................................... ... 000F680h  REG LOC
ADC0_TASK.................................  24 0C01256h  TSK LOC    _ADC0_vInit...............................  24 0C01114h  FAR GLB
_ADC0_vStartSeq0ReqChNum..................  24 0C01200h  FAR GLB    _ADC0_viSRN0..............................  24 0C01256h  FAR GLB



Symbol table   : sin.obj(SIN_C)

Symbol                                     No. Value     Type       Symbol                                     No. Value     Type   
TASKING C166/ST10 linker/locator v8.7r1 Build 268           Date: Sep 29 2021  Time: 14:42:49  Page:   5
mps_main

----------------------------------------------------------------    ----------------------------------------------------------------
 <NO NAME>................................ ... 0000000h  REG LOC    __sinus...................................  26 0C01312h  FAR EXT
__store8n.................................  29 0C0242Ah  FAR EXT    _sin......................................  25 0C012D2h  FAR GLB



Symbol table   : _sinus.obj(_SINUS_C)

Symbol                                     No. Value     Type       Symbol                                     No. Value     Type   
----------------------------------------------------------------    ----------------------------------------------------------------
 <NO NAME>................................ ... 0000000h  REG LOC    __adf8r...................................  29 0C0194Ah  FAR EXT
__cfi82r..................................  29 0C01B3Ch  FAR EXT    __cif28r..................................  29 0C01BEEh  FAR EXT
__cmf8r...................................  29 0C01C52h  FAR EXT    __dvf8r...................................  29 0C0203Ah  FAR EXT
__load8n..................................  29 0C02412h  FAR EXT    __mlf8r...................................  29 0C01DD4h  FAR EXT
__ngf8r...................................  29 0C021FEh  FAR EXT    __sbf8r...................................  29 0C01942h  FAR EXT
__sinus...................................  26 0C01312h  FAR GLB    __store8n.................................  29 0C0242Ah  FAR EXT
_modf.....................................  28 0C01670h  FAR EXT    


Symbol table   : modf.obj(MODF)

Symbol                                     No. Value     Type       Symbol                                     No. Value     Type   
----------------------------------------------------------------    ----------------------------------------------------------------
 <NO NAME>................................ ... 0000000h  REG LOC    __dzersr..................................  29 0C02358h  FAR EXT
__get1f8r.................................  29 0C02282h  FAR EXT    __get2f8r.................................  29 0C0223Eh  FAR EXT
__putf8r..................................  29 0C02318h  FAR EXT    _modf.....................................  28 0C01670h  FAR GLB



Symbol table   : adf4.obj(adf4)

Symbol                                     No. Value     Type       Symbol                                     No. Value     Type   
----------------------------------------------------------------    ----------------------------------------------------------------
 <NO NAME>................................ ... 0000000h  REG LOC    __adf4r...................................  29 0C0181Ch  FAR GLB
__finfsr..................................  29 0C0236Ah  FAR EXT    __fnansr..................................  29 0C02380h  FAR EXT
__foprsr..................................  29 0C022CCh  FAR EXT    __get2f4r.................................  29 0C02208h  FAR EXT
__putf4r..................................  29 0C022E0h  FAR EXT    __sbf4r...................................  29 0C01818h  FAR GLB



Symbol table   : adf8.obj(adf8)

Symbol                                     No. Value     Type       Symbol                                     No. Value     Type   
----------------------------------------------------------------    ----------------------------------------------------------------
 <NO NAME>................................ ... 0000000h  REG LOC    __adf8r...................................  29 0C0194Ah  FAR GLB
__dinfsr..................................  29 0C023ACh  FAR EXT    __dnansr..................................  29 0C023CEh  FAR EXT
__doprsr..................................  29 0C022FEh  FAR EXT    __dzersr..................................  29 0C02358h  FAR EXT
__get2f8r.................................  29 0C0223Eh  FAR EXT    __putf8r..................................  29 0C02318h  FAR EXT
__sbf8r...................................  29 0C01942h  FAR GLB    __sbf8rr..................................  29 0C01938h  FAR GLB



Symbol table   : cff48.obj(cff48)

Symbol                                     No. Value     Type       Symbol                                     No. Value     Type   
----------------------------------------------------------------    ----------------------------------------------------------------
 <NO NAME>................................ ... 0000000h  REG LOC    __cff48r..................................  29 0C01A7Eh  FAR GLB
TASKING C166/ST10 linker/locator v8.7r1 Build 268           Date: Sep 29 2021  Time: 14:42:49  Page:   6
mps_main

__dinfsr..................................  29 0C023ACh  FAR EXT    __dnansr..................................  29 0C023CEh  FAR EXT
__dzersr..................................  29 0C02358h  FAR EXT    __get1f4r.................................  29 0C02218h  FAR EXT
__putf8r..................................  29 0C02318h  FAR EXT    


Symbol table   : cfi42.obj(cfi42)

Symbol                                     No. Value     Type       Symbol                                     No. Value     Type   
----------------------------------------------------------------    ----------------------------------------------------------------
 <NO NAME>................................ ... 0000000h  REG LOC    __cfi42r..................................  29 0C01AEAh  FAR GLB
__fcnvnan.................................  29 0C0239Ah  FAR EXT    __fptrap4.................................  29 0C0243Ah  FAR EXT
__get1f4r.................................  29 0C02218h  FAR EXT    


Symbol table   : cfi82.obj(cfi82)

Symbol                                     No. Value     Type       Symbol                                     No. Value     Type   
----------------------------------------------------------------    ----------------------------------------------------------------
 <NO NAME>................................ ... 0000000h  REG LOC    __cfi82r..................................  29 0C01B3Ch  FAR GLB
__dcnvnan.................................  29 0C02402h  FAR EXT    __fptrap8.................................  29 0C0243Ah  FAR EXT
__get1f8r.................................  29 0C02282h  FAR EXT    


Symbol table   : cfu82.obj(cfu82)

Symbol                                     No. Value     Type       Symbol                                     No. Value     Type   
----------------------------------------------------------------    ----------------------------------------------------------------
 <NO NAME>................................ ... 0000000h  REG LOC    __cfu82r..................................  29 0C01B8Eh  FAR GLB
__dcnvnan.................................  29 0C02402h  FAR EXT    __fptrap8.................................  29 0C0243Ah  FAR EXT
__get1f8r.................................  29 0C02282h  FAR EXT    


Symbol table   : cif24.obj(cif24)

Symbol                                     No. Value     Type       Symbol                                     No. Value     Type   
----------------------------------------------------------------    ----------------------------------------------------------------
 <NO NAME>................................ ... 0000000h  REG LOC    __cif24r..................................  29 0C01BC6h  FAR GLB
__cuf24r..................................  29 0C01BD0h  FAR GLB    __putf4r..................................  29 0C022E0h  FAR EXT



Symbol table   : cif28.obj(cif28)

Symbol                                     No. Value     Type       Symbol                                     No. Value     Type   
----------------------------------------------------------------    ----------------------------------------------------------------
 <NO NAME>................................ ... 0000000h  REG LOC    __cif28r..................................  29 0C01BEEh  FAR GLB
__cuf28r..................................  29 0C01C08h  FAR GLB    __dzersr..................................  29 0C02358h  FAR EXT
__putf8r..................................  29 0C02318h  FAR EXT    cuf28i....................................  29 0C01C1Ah  FAR GLB



Symbol table   : cmf8.obj(cmf8)

Symbol                                     No. Value     Type       Symbol                                     No. Value     Type   
----------------------------------------------------------------    ----------------------------------------------------------------
 <NO NAME>................................ ... 0000000h  REG LOC    __cmf8r...................................  29 0C01C52h  FAR GLB

TASKING C166/ST10 linker/locator v8.7r1 Build 268           Date: Sep 29 2021  Time: 14:42:49  Page:   7
mps_main



Symbol table   : mlf4.obj(mlf4)

Symbol                                     No. Value     Type       Symbol                                     No. Value     Type   
----------------------------------------------------------------    ----------------------------------------------------------------
 <NO NAME>................................ ... 0000000h  REG LOC    __finfsr..................................  29 0C0236Ah  FAR EXT
__fnansr..................................  29 0C02380h  FAR EXT    __foprsr..................................  29 0C022CCh  FAR EXT
__frslsr..................................  29 0C022D6h  FAR EXT    __get2f4r.................................  29 0C02208h  FAR EXT
__mlf4r...................................  29 0C01D10h  FAR GLB    


Symbol table   : mlf8.obj(mlf8)

Symbol                                     No. Value     Type       Symbol                                     No. Value     Type   
----------------------------------------------------------------    ----------------------------------------------------------------
 <NO NAME>................................ ... 0000000h  REG LOC    __dinfsr..................................  29 0C023ACh  FAR EXT
__dmlf8...................................  29 0C01E18h  FAR GLB    __dnansr..................................  29 0C023CEh  FAR EXT
__doprsr..................................  29 0C022FEh  FAR EXT    __drslsr..................................  29 0C0230Eh  FAR EXT
__dzersr..................................  29 0C02358h  FAR EXT    __get2f8r.................................  29 0C0223Eh  FAR EXT
__mlf8r...................................  29 0C01DD4h  FAR GLB    


Symbol table   : dvf4.obj(dvf4)

Symbol                                     No. Value     Type       Symbol                                     No. Value     Type   
----------------------------------------------------------------    ----------------------------------------------------------------
 <NO NAME>................................ ... 0000000h  REG LOC    __dvf4r...................................  29 0C01F36h  FAR GLB
__fdvisr..................................  29 0C02366h  FAR EXT    __fdvnsr..................................  29 0C0237Ch  FAR EXT
__finfsr..................................  29 0C0236Ah  FAR EXT    __fnansr..................................  29 0C02380h  FAR EXT
__foprsr..................................  29 0C022CCh  FAR EXT    __frslsr..................................  29 0C022D6h  FAR EXT
__funfsr..................................  29 0C0238Eh  FAR EXT    __get2f4r.................................  29 0C02208h  FAR EXT



Symbol table   : dvf8.obj(dvf8)

Symbol                                     No. Value     Type       Symbol                                     No. Value     Type   
----------------------------------------------------------------    ----------------------------------------------------------------
 <NO NAME>................................ ... 0000000h  REG LOC    __ddvisr..................................  29 0C023A6h  FAR EXT
__ddvnsr..................................  29 0C023C8h  FAR EXT    __dinfsr..................................  29 0C023ACh  FAR EXT
__dmlf8...................................  29 0C01E18h  FAR EXT    __dnansr..................................  29 0C023CEh  FAR EXT
__doprsr..................................  29 0C022FEh  FAR EXT    __drslsr..................................  29 0C0230Eh  FAR EXT
__dunfsr..................................  29 0C023ECh  FAR EXT    __dvf8r...................................  29 0C0203Ah  FAR GLB
__dvf8rr..................................  29 0C02018h  FAR GLB    __dzersr..................................  29 0C02358h  FAR EXT
__get2f8r.................................  29 0C0223Eh  FAR EXT    


Symbol table   : ngf8.obj(ngf8)

Symbol                                     No. Value     Type       Symbol                                     No. Value     Type   
----------------------------------------------------------------    ----------------------------------------------------------------
 <NO NAME>................................ ... 0000000h  REG LOC    __ngf8r...................................  29 0C021FEh  FAR GLB



Symbol table   : get2f4.obj(get2f4)
TASKING C166/ST10 linker/locator v8.7r1 Build 268           Date: Sep 29 2021  Time: 14:42:49  Page:   8
mps_main


Symbol                                     No. Value     Type       Symbol                                     No. Value     Type   
----------------------------------------------------------------    ----------------------------------------------------------------
 <NO NAME>................................ ... 0000000h  REG LOC    __get1f4r.................................  29 0C02218h  FAR GLB
__get2f4r.................................  29 0C02208h  FAR GLB    


Symbol table   : get2f8.obj(get2f8)

Symbol                                     No. Value     Type       Symbol                                     No. Value     Type   
----------------------------------------------------------------    ----------------------------------------------------------------
 <NO NAME>................................ ... 0000000h  REG LOC    __get1f8r.................................  29 0C02282h  FAR GLB
__get2f8r.................................  29 0C0223Eh  FAR GLB    


Symbol table   : putf4.obj(putf4)

Symbol                                     No. Value     Type       Symbol                                     No. Value     Type   
----------------------------------------------------------------    ----------------------------------------------------------------
 <NO NAME>................................ ... 0000000h  REG LOC    __finfsr..................................  29 0C0236Ah  FAR EXT
__foprsr..................................  29 0C022CCh  FAR GLB    __frslsr..................................  29 0C022D6h  FAR GLB
__funfsr..................................  29 0C0238Eh  FAR EXT    __fzersr..................................  29 0C022ECh  FAR GLB
__ld0f4r..................................  29 0C022ECh  FAR GLB    __putf4r..................................  29 0C022E0h  FAR GLB



Symbol table   : putf8.obj(putf8)

Symbol                                     No. Value     Type       Symbol                                     No. Value     Type   
----------------------------------------------------------------    ----------------------------------------------------------------
 <NO NAME>................................ ... 0000000h  REG LOC    __dinfsr..................................  29 0C023ACh  FAR EXT
__doprsr..................................  29 0C022FEh  FAR GLB    __drslsr..................................  29 0C0230Eh  FAR GLB
__dunfsr..................................  29 0C023ECh  FAR EXT    __dzersr..................................  29 0C02358h  FAR GLB
__putf8r..................................  29 0C02318h  FAR GLB    


Symbol table   : trpf4.obj(trpf4)

Symbol                                     No. Value     Type       Symbol                                     No. Value     Type   
----------------------------------------------------------------    ----------------------------------------------------------------
 <NO NAME>................................ ... 0000000h  REG LOC    __fcnvnan.................................  29 0C0239Ah  FAR GLB
__fdvisr..................................  29 0C02366h  FAR GLB    __fdvnsr..................................  29 0C0237Ch  FAR GLB
__finfsr..................................  29 0C0236Ah  FAR GLB    __fnansr..................................  29 0C02380h  FAR GLB
__fptrap4.................................  29 0C0243Ah  FAR EXT    __funfsr..................................  29 0C0238Eh  FAR GLB



Symbol table   : trpf8.obj(trpf8)

Symbol                                     No. Value     Type       Symbol                                     No. Value     Type   
----------------------------------------------------------------    ----------------------------------------------------------------
 <NO NAME>................................ ... 0000000h  REG LOC    __dcnvnan.................................  29 0C02402h  FAR GLB
__ddvisr..................................  29 0C023A6h  FAR GLB    __ddvnsr..................................  29 0C023C8h  FAR GLB
__dinfsr..................................  29 0C023ACh  FAR GLB    __dnansr..................................  29 0C023CEh  FAR GLB
__dunfsr..................................  29 0C023ECh  FAR GLB    __fptrap8.................................  29 0C0243Ah  FAR EXT
__putf8r..................................  29 0C02318h  FAR EXT    

TASKING C166/ST10 linker/locator v8.7r1 Build 268           Date: Sep 29 2021  Time: 14:42:49  Page:   9
mps_main


Symbol table   : load8n.obj(load8n)

Symbol                                     No. Value     Type       Symbol                                     No. Value     Type   
----------------------------------------------------------------    ----------------------------------------------------------------
 <NO NAME>................................ ... 0000000h  REG LOC    __ldnoal8n................................  29 0C02418h  FAR GLB
__load8n..................................  29 0C02412h  FAR GLB    __store8n.................................  29 0C0242Ah  FAR GLB



Symbol table   : trap.obj(trap)

Symbol                                     No. Value     Type       Symbol                                     No. Value     Type   
----------------------------------------------------------------    ----------------------------------------------------------------
 <NO NAME>................................ ... 0000000h  REG LOC    __FPTRAPLOOP..............................  29 0C0244Eh  FAR GLB
__FP_ENV..................................  30 000CAF0h  WOR GLB    __fptrap4.................................  29 0C0243Ah  FAR GLB
__fptrap8.................................  29 0C0243Ah  FAR GLB    _longjmp..................................  32 0C0246Ah  FAR EXT



Symbol table   : mul.obj(MUL)

Symbol                                     No. Value     Type       Symbol                                     No. Value     Type   
----------------------------------------------------------------    ----------------------------------------------------------------
 <NO NAME>................................ ... 0000000h  REG LOC    __mul.....................................  31 0C02452h  FAR GLB



Symbol table   : longjmp.obj(LONGJMP)

Symbol                                     No. Value     Type       Symbol                                     No. Value     Type   
----------------------------------------------------------------    ----------------------------------------------------------------
 <NO NAME>................................ ... 0000000h  REG LOC    _longjmp..................................  32 0C0246Ah  FAR GLB



Interrupt table: 

Vector   Intno Start    Intnoname                                              Taskname                                             
------------------------------------------------------------------------------------------------------------------------------------
0C00000h 0000h 0C00D90h __CSTART_INUM......................................... __CSTART_TASK........................................
0C00090h 0024h 0C00ED2h GPT2_INUM............................................. GPT2_TASK............................................
0C000A0h 0028h 0C01256h ADC0_INUM............................................. ADC0_TASK............................................
0C000E0h 0038h 0C01060h CCU62_INUM............................................ CCU62_TASK...........................................
0C000F0h 003Ch 0C0035Ch CCU63_INUM............................................ CCU63_TASK...........................................

Register banks : combination of register definitions

                 Reg. bank 0
                 0123456789ABCDEF
                 ^               
                 |................. CCU63_RB (CCU63_C) ....................................................................... F600h


                 Reg. bank 1
                 0123456789ABCDEF
                 ^               
TASKING C166/ST10 linker/locator v8.7r1 Build 268           Date: Sep 29 2021  Time: 14:42:49  Page:  10
mps_main

                 |................. CSTART_RBANK (CSTART) .................................................................... F620h


                 Reg. bank 2
                 0123456789ABCDEF
                 ^               
                 |................. GPT2_RB (GPT2_C) ......................................................................... F640h


                 Reg. bank 3
                 0123456789ABCDEF
                 ^               
                 |................. CCU62_RB (CCU62_C) ....................................................................... F660h


                 Reg. bank 4
                 0123456789ABCDEF
                 ^               
                 |................. ADC0_RB (ADC0_C) ......................................................................... F680h



Locate summary : 

Class        Name          Size  Start
<NO NAME>    ?INTVECT      00200h C00000h 
             C166_SYSSTACK 00200h 00FA00h 
       Total class size: 0000400h

CINITIRAM    MAIN_ID_NB    00006h 00C174h 
       Total class size: 0000006h

CINITROM     C166_BSS      00016h C00AA4h 
             C166_INIT     0000Eh C00A96h 
             MAIN_IR_NB    00006h C00526h 
       Total class size: 000002Ah

CNEAR        GPT2_2_NB     00002h 00CAEEh 
             MAIN_5_NB     00974h 00C17Ah 
             __FP_ENV_BUF  00010h 00CAF0h 
       Total class size: 0000986h

CNEARROM     MAIN_3_NC     0000Ah C00210h 
       Total class size: 000000Ah

CPROGRAM     ADC0_1_PR     001BEh C01114h 
             CC2_1_PR      00036h C00FB8h 
             CCU62_1_PR    00126h C00FEEh 
             CCU63_1_PR    00274h C0029Ah 
             GPT1_1_PR     0003Eh C00E4Eh 
             GPT2_1_PR     0012Ch C00E8Ch 
             IO_1_PR       00018h C0050Eh 
             MAIN_4_PR     0056Ah C0052Ch 
             SCS_1_PR      00162h C00ABAh 
             __CSTART_PR   000BEh C00D90h 
             __FPCODE      00C72h C017E0h 
       Total class size: 0001B0Ch
TASKING C166/ST10 linker/locator v8.7r1 Build 268           Date: Sep 29 2021  Time: 14:42:49  Page:  11
mps_main


CROM         CCU63_2_CO    00010h C00200h 
             MAIN_6_CO     00010h C0021Ah 
             _SINUS_2_CO   00070h C0022Ah 
       Total class size: 0000090h

CUSTACK      C166_US       00174h 00C000h 
             C166_US0      00000h 00C000h 
             C166_US1      00000h 00C000h 
             C166_US2      00000h 00C000h 
       Total class size: 0000174h

CLIBRARY     SIN_1_PR      00040h C012D2h 
             _SINUS_1_PR   0035Eh C01312h 
       Total class size: 000039Eh

C_INIT       __C_INIT_PR   00174h C00C1Ch 
       Total class size: 0000174h

RTLIBRARY    __LONGJMP     00022h C0246Ah 
             __MODF        00170h C01670h 
       Total class size: 0000192h

SHAREDRTLIB  __MUL         00018h C02452h 
       Total class size: 0000018h

Total size:              000318Ch


	Number of symbols		: 1684
	Number of sections		: 34
	Number of groups		: 0
	Number of classes		: 11
	Number of modules		: 37
	Total section size		: 000318Ch
	Total memory size		: 0344A04h
		consisting of RAM	: 0284A04h
		              ROM	: 00C0000h
	Total RAM filled		: 0000D00h
	Total ROM filled		: 000248Ch
	System stack size		: 0000200h
	Heap size			: 0000000h
	User stack size			: 0000174h
	Time spent			: 00:00:2.20

Error report   : total errors: 0, warnings: 0
